Hello world
Hello world
Binding: 1
Binding: 3
Binding: 4
Return: 10
10
test
