[ 1, 2, 3 ]
[ 2, 3 ]
[ 5 ]
[ 3, 4, 5, 4, 5, 6, 5, 6, 7, 6, 7, 8 ]
[ 3, 4, 5, 4, 5, 6, 5, 6, 7, 4, 5, 6, 5, 6, 7, 6, 7, 8, 5, 6, 7, 6, 7, 8, 7, 8, 9 ]
[ 'hello' ]
[ 'h', 'e', 'l', 'l', 'o' ]
[ 3 ]
[ 42, 37 ]
