{}
{ a: 1 }
{ b: 10 }
{ c: 11 }
{ '4': 100 }
{}
{ test: 'this' }
